void main() {
  if (true) {
  } else {
    if (false) {
    }
  }
  return;
}
