Aapeli is in the course: COMS4115: Programming Languages and Translators
Goodbye from Team_Project
